stream_buffer.c:212:22:xStreamBufferGenericCreate	40	static
stream_buffer.c:343:6:vStreamBufferDelete	24	static
stream_buffer.c:373:12:xStreamBufferReset	32	static
stream_buffer.c:418:12:xStreamBufferSetTriggerLevel	24	static
stream_buffer.c:443:8:xStreamBufferSpacesAvailable	24	static
stream_buffer.c:463:8:xStreamBufferBytesAvailable	24	static
stream_buffer.c:474:8:xStreamBufferSend	56	static
stream_buffer.c:557:8:xStreamBufferSendFromISR	64	static
stream_buffer.c:598:15:prvWriteMessageToBuffer	32	static
stream_buffer.c:641:8:xStreamBufferReceive	48	static
stream_buffer.c:723:8:xStreamBufferNextMessageLengthBytes	40	static
stream_buffer.c:761:8:xStreamBufferReceiveFromISR	64	static
stream_buffer.c:807:15:prvReadMessageFromBuffer	40	static
stream_buffer.c:853:12:xStreamBufferIsEmpty	32	static
stream_buffer.c:872:12:xStreamBufferIsFull	32	static
stream_buffer.c:900:12:xStreamBufferSendCompletedFromISR	48	static
stream_buffer.c:925:12:xStreamBufferReceiveCompletedFromISR	48	static
stream_buffer.c:950:15:prvWriteBytesToBuffer	32	static
stream_buffer.c:992:15:prvReadBytesFromBuffer	40	static
stream_buffer.c:1042:15:prvBytesInBuffer	24	static
stream_buffer.c:1058:13:prvInitialiseNewStreamBuffer	24	static
